// Jest Snapshot v1, https://goo.gl/fbAQLP

exports[`Film Snapshot renders 1`] = `
<a
  className="list_item"
  href="#"
>
  <img
    alt={undefined}
    height="600"
    src={undefined}
    width="400"
  />
  <div
    className="flex_container"
  >
    <span
      className="list_item_title"
    />
    <span
      className="list_item_release_date"
    />
  </div>
  <span
    className="list_item_genre"
  />
</a>
`;
