// Jest Snapshot v1, https://goo.gl/fbAQLP

exports[`Header Snapshot renders 1`] = `
<header
  className="header"
>
  <div
    className="wrap"
  >
    <a
      className="logo"
      href="#"
    >
      netflixroulette
    </a>
    <h2>
      Find your move
    </h2>
    <form>
      <input
        placeholder="Search here..."
        required={true}
        type="text"
      />
      <div
        className="flex_container"
      >
        <span
          className="span_search"
        >
          Search by
        </span>
        <input
          checked={true}
          className="toggle"
          id="titleChoice"
          name="film"
          type="radio"
          value="title"
        />
        <label
          className="btn"
          htmlFor="titleChoice"
        >
          Title
        </label>
        <input
          className="toggle"
          id="directorChoice"
          name="film"
          type="radio"
          value="director"
        />
        <label
          className="btn"
          htmlFor="directorChoice"
        >
          Director
        </label>
        <button
          className="button_search"
          type="submit"
        >
          Search
        </button>
      </div>
    </form>
  </div>
</header>
`;
